// Jest Snapshot v1, https://goo.gl/fbAQLP

exports[`renders guest user 1`] = `
<DocumentFragment>
  <div
    class="MuiPaper-root MuiPaper-elevation1 makeStyles-overlay-23"
  >
    <div
      class="MuiContainer-root MuiContainer-maxWidthXs"
    >
      <h1
        class="MuiTypography-root MuiTypography-h3 MuiTypography-gutterBottom"
      >
        Log in
      </h1>
      <form
        autocomplete="on"
      >
        <div
          class="MuiFormControl-root MuiTextField-root MuiFormControl-marginNormal MuiFormControl-fullWidth"
        >
          <label
            class="MuiFormLabel-root MuiInputLabel-root MuiInputLabel-formControl MuiInputLabel-animated Mui-required Mui-required"
            data-shrink="false"
          >
            Email
            <span
              class="MuiFormLabel-asterisk MuiInputLabel-asterisk"
            >
              â€‰*
            </span>
          </label>
          <div
            class="MuiInputBase-root MuiInput-root MuiInput-underline MuiInputBase-fullWidth MuiInput-fullWidth MuiInputBase-formControl MuiInput-formControl"
          >
            <input
              aria-invalid="false"
              autocomplete="email"
              class="MuiInputBase-input MuiInput-input"
              name="email"
              required=""
              type="email"
              value=""
            />
          </div>
        </div>
        <div
          class="MuiFormControl-root MuiTextField-root MuiFormControl-marginNormal MuiFormControl-fullWidth"
        >
          <label
            class="MuiFormLabel-root MuiInputLabel-root MuiInputLabel-formControl MuiInputLabel-animated Mui-required Mui-required"
            data-shrink="false"
          >
            Password
            <span
              class="MuiFormLabel-asterisk MuiInputLabel-asterisk"
            >
              â€‰*
            </span>
          </label>
          <div
            class="MuiInputBase-root MuiInput-root MuiInput-underline MuiInputBase-fullWidth MuiInput-fullWidth MuiInputBase-formControl MuiInput-formControl"
          >
            <input
              aria-invalid="false"
              autocomplete="new-password"
              class="MuiInputBase-input MuiInput-input"
              required=""
              type="password"
              value=""
            />
          </div>
        </div>
        <button
          class="MuiButtonBase-root MuiButton-root MuiButton-contained makeStyles-loginButton-88 MuiButton-containedPrimary MuiButton-containedSizeLarge MuiButton-sizeLarge MuiButton-fullWidth"
          tabindex="0"
          type="submit"
        >
          <span
            class="MuiButton-label"
          >
            Log in
          </span>
          <span
            class="MuiTouchRipple-root"
          />
        </button>
        <a
          class="MuiTypography-root MuiLink-root MuiLink-underlineHover makeStyles-link-180 MuiTypography-body2 MuiTypography-colorPrimary"
        >
          Don't have an account? Sign up
        </a>
      </form>
      <div
        class="makeStyles-languageContainer-188 makeStyles-languageContainer-189"
      >
        <div
          class="MuiInputBase-root MuiInput-root MuiInput-underline"
        >
          <div
            aria-haspopup="listbox"
            aria-labelledby=" mui-component-select-language"
            class="MuiSelect-root MuiSelect-select MuiSelect-selectMenu MuiInputBase-input MuiInput-input MuiInputBase-inputSelect"
            id="mui-component-select-language"
            role="button"
            tabindex="0"
          >
            <span
              class="makeStyles-emoji-187"
              role="img"
            >
              ðŸ‡ºðŸ‡¸
            </span>
          </div>
          <input
            name="language"
            type="hidden"
            value="en"
          />
          <svg
            aria-hidden="true"
            class="MuiSvgIcon-root MuiSelect-icon"
            focusable="false"
            role="presentation"
            viewBox="0 0 24 24"
          >
            <path
              d="M7 10l5 5 5-5z"
            />
          </svg>
        </div>
      </div>
    </div>
  </div>
</DocumentFragment>
`;

exports[`renders logged in user 1`] = `
<DocumentFragment>
  <div
    style="padding: 5em 0px;"
  >
    <header
      class="MuiPaper-root MuiPaper-elevation0 MuiAppBar-root MuiAppBar-positionFixed makeStyles-appBar-246 makeStyles-appBar-250 MuiAppBar-colorPrimary mui-fixed"
    >
      <div
        class="MuiToolbar-root MuiToolbar-regular makeStyles-toolBar-247 MuiToolbar-gutters"
      >
        <button
          class="MuiButtonBase-root MuiIconButton-root MuiIconButton-edgeStart"
          data-testid="topnav-profile"
          tabindex="0"
          type="button"
        >
          <span
            class="MuiIconButton-label"
          >
            <div
              class="MuiAvatar-root MuiAvatar-circle makeStyles-avatar-245 MuiAvatar-colorDefault"
            >
              <svg
                aria-hidden="true"
                class="MuiSvgIcon-root"
                focusable="false"
                role="presentation"
                viewBox="0 0 24 24"
              >
                <path
                  d="M12 12c2.21 0 4-1.79 4-4s-1.79-4-4-4-4 1.79-4 4 1.79 4 4 4zm0 2c-2.67 0-8 1.34-8 4v2h16v-2c0-2.66-5.33-4-8-4z"
                />
              </svg>
            </div>
          </span>
          <span
            class="MuiTouchRipple-root"
          />
        </button>
        <h5
          class="MuiTypography-root makeStyles-typography-248 MuiTypography-h5 MuiTypography-colorTextPrimary"
        >
          Dashboard
        </h5>
        <div
          class="makeStyles-spacer-249"
        />
        <button
          class="MuiButtonBase-root MuiIconButton-root MuiIconButton-colorPrimary MuiIconButton-edgeEnd"
          data-testid="topnav-add"
          tabindex="0"
          type="button"
        >
          <span
            class="MuiIconButton-label"
          >
            <svg
              aria-hidden="true"
              class="MuiSvgIcon-root"
              focusable="false"
              role="presentation"
              viewBox="0 0 24 24"
            >
              <path
                d="M19 3H5c-1.11 0-2 .9-2 2v14c0 1.1.89 2 2 2h14c1.1 0 2-.9 2-2V5c0-1.1-.9-2-2-2zm-2 10h-4v4h-2v-4H7v-2h4V7h2v4h4v2z"
              />
            </svg>
          </span>
          <span
            class="MuiTouchRipple-root"
          />
        </button>
      </div>
    </header>
  </div>
  <div
    class="MuiPaper-root MuiPaper-elevation1 makeStyles-root-348 MuiPaper-rounded"
  >
    <div
      class="MuiBottomNavigation-root"
    >
      <button
        class="MuiButtonBase-root MuiBottomNavigationAction-root Mui-selected"
        tabindex="0"
        type="button"
      >
        <span
          class="MuiBottomNavigationAction-wrapper"
        >
          <svg
            aria-hidden="true"
            class="MuiSvgIcon-root"
            focusable="false"
            role="presentation"
            viewBox="0 0 24 24"
          >
            <path
              d="M10 20v-6h4v6h5v-8h3L12 3 2 12h3v8z"
            />
          </svg>
          <span
            class="MuiBottomNavigationAction-label Mui-selected"
          >
            Dashboard
          </span>
        </span>
        <span
          class="MuiTouchRipple-root"
        />
      </button>
      <button
        class="MuiButtonBase-root MuiBottomNavigationAction-root MuiBottomNavigationAction-iconOnly"
        tabindex="0"
        type="button"
      >
        <span
          class="MuiBottomNavigationAction-wrapper"
        >
          <svg
            aria-hidden="true"
            class="MuiSvgIcon-root"
            focusable="false"
            role="presentation"
            viewBox="0 0 24 24"
          >
            <defs>
              <path
                d="M0 0h24v24H0V0z"
                id="a"
              />
            </defs>
            <path
              d="M23 8c0 1.1-.9 2-2 2-.18 0-.35-.02-.51-.07l-3.56 3.55c.05.16.07.34.07.52 0 1.1-.9 2-2 2s-2-.9-2-2c0-.18.02-.36.07-.52l-2.55-2.55c-.16.05-.34.07-.52.07s-.36-.02-.52-.07l-4.55 4.56c.05.16.07.33.07.51 0 1.1-.9 2-2 2s-2-.9-2-2 .9-2 2-2c.18 0 .35.02.51.07l4.56-4.55C8.02 9.36 8 9.18 8 9c0-1.1.9-2 2-2s2 .9 2 2c0 .18-.02.36-.07.52l2.55 2.55c.16-.05.34-.07.52-.07s.36.02.52.07l3.55-3.56C19.02 8.35 19 8.18 19 8c0-1.1.9-2 2-2s2 .9 2 2z"
            />
          </svg>
          <span
            class="MuiBottomNavigationAction-label MuiBottomNavigationAction-iconOnly"
          >
            Activity
          </span>
        </span>
        <span
          class="MuiTouchRipple-root"
        />
      </button>
      <button
        class="MuiButtonBase-root MuiBottomNavigationAction-root MuiBottomNavigationAction-iconOnly"
        tabindex="0"
        type="button"
      >
        <span
          class="MuiBottomNavigationAction-wrapper"
        >
          <svg
            aria-hidden="true"
            class="MuiSvgIcon-root"
            focusable="false"
            role="presentation"
            viewBox="0 0 24 24"
          >
            <path
              d="M11 2v20c-5.07-.5-9-4.79-9-10s3.93-9.5 9-10zm2.03 0v8.99H22c-.47-4.74-4.24-8.52-8.97-8.99zm0 11.01V22c4.74-.47 8.5-4.25 8.97-8.99h-8.97z"
            />
          </svg>
          <span
            class="MuiBottomNavigationAction-label MuiBottomNavigationAction-iconOnly"
          >
            Charts
          </span>
        </span>
        <span
          class="MuiTouchRipple-root"
        />
      </button>
      <button
        class="MuiButtonBase-root MuiBottomNavigationAction-root MuiBottomNavigationAction-iconOnly"
        tabindex="0"
        type="button"
      >
        <span
          class="MuiBottomNavigationAction-wrapper"
        >
          <svg
            aria-hidden="true"
            class="MuiSvgIcon-root"
            focusable="false"
            role="presentation"
            viewBox="0 0 24 24"
          >
            <path
              d="M21 18v1c0 1.1-.9 2-2 2H5c-1.11 0-2-.9-2-2V5c0-1.1.89-2 2-2h14c1.1 0 2 .9 2 2v1h-9c-1.11 0-2 .9-2 2v8c0 1.1.89 2 2 2h9zm-9-2h10V8H12v8zm4-2.5c-.83 0-1.5-.67-1.5-1.5s.67-1.5 1.5-1.5 1.5.67 1.5 1.5-.67 1.5-1.5 1.5z"
            />
          </svg>
          <span
            class="MuiBottomNavigationAction-label MuiBottomNavigationAction-iconOnly"
          >
            Wallets
          </span>
        </span>
        <span
          class="MuiTouchRipple-root"
        />
      </button>
    </div>
  </div>
</DocumentFragment>
`;
